// Jest Snapshot v1, https://goo.gl/fbAQLP

exports[`Pruebas en <RealExampleRef /> debe de mostrarse el componente <RealExampleRef /> correctamente  1`] = `
<Fragment>
  <h1>
    RealExampleRef
  </h1>
  <hr />
  <button
    className="btn btn-primary mt-5"
    onClick={[Function]}
  >
    Show / Hide
  </button>
</Fragment>
`;
